>>> add_integer = __import__('0-add_integer').add_integer

>>> add_integer(2)
100

>>> add_integer(1, 9)
10

>>> add_integer(4, -5)
-1

>>> add_integer(1.0, 3.0)
4

>>> add_integer(2.8, 0.2)
2

>>> add_integer(-2.8, -0.2)
-2

>>> add_integer(1.2, -3)
-2

>>> add_integer("7", 3)
Traceback (most recent call last):
TypeError: a must be an integer

>>> add_integer(2, "hi")
Traceback (most recent call last):
TypeError: b must be an integer

>>> add_integer(None)
Traceback (most recent call last):
TypeError: a must be an integer

>>> add_integer(1.3, None)
Traceback (most recent call last):
TypeError: b must be an integer

>>> add_integer("Python", "loved")
Traceback (most recent call last):
TypeError: a must be an integer

>>> add_integer(float('inf'))
Traceback (most recent call last):
OverflowError: cannot convert float infinity to integer

>>> add_integer(1, float('inf'))
Traceback (most recent call last):
OverflowError: cannot convert float infinity to integer

>>> add_integer(float('nan'))
Traceback (most recent call last):
ValueError: cannot convert float NaN to integer

>>> add_integer(1, float('nan'))
Traceback (most recent call last):
ValueError: cannot convert float NaN to integer
